Testing type checking (nooc):
  Type of integer_var: abn
  Type of decimal_var: jajab
  Type of string_var: qoraal
  Type of bool_var: bool
  Type of list_var: teed
  Type of object_var: walax
  Type of dynamic_var: qoraal
  Type of dynamic_var after change: abn
  Type of literal integer: abn
  Type of literal decimal: jajab
  Type of literal string: qoraal
  Type of literal boolean: bool
  Type of literal list: teed
  Type of literal object: walax
