Testing arithmetic operators:
Integer operations:
  a = 15, b = 5
  Addition (a + b): 20
  Subtraction (a - b): 10
  Multiplication (a * b): 75
  Division (a / b): 3
  Modulus (a % b): 0
  negative = -10
  Addition with negative (a + negative): 5
  Negative multiplication (negative * b): -50
\nDecimal operations:
  x = 15.5, y = 5.25
  Addition (x + y): 20.75
  Subtraction (x - y): 10.25
  Multiplication (x * y): 81.375
  Division (x / y): 2.9523809523809526
\nMixed integer and decimal operations:
  Integer + Decimal (a + y): 20.25
  Decimal * Integer (x * b): 77.5
\nOperator precedence:
  Operator precedence (2 + 3 * 4): 14
  Using parentheses ((2 + 3) * 4): 20
\nComplex expressions:
  Integer expression ((a + b) * 2 - 10 / 2): 35
  Decimal expression ((x + y) * 2.5 - 10.5 / 2.1): 46.875
