Testing comparison operators:
  a = 15, b = 5, c = 15
Integer comparisons:
  Equal (a == c): run
  Not equal (a != b): run
  Greater than (a > b): run
  Less than (a < b): been
  Greater than or equal (a >= c): run
  Less than or equal (a <= c): run
\nDecimal comparisons:
  x = 15.5, y = 5.25, z = 15.5
  Equal (x == z): run
  Not equal (x != y): run
  Greater than (x > y): run
  Less than (x < y): been
  Greater than or equal (x >= z): run
  Less than or equal (x <= z): run
\nMixed type comparisons:
  Integer vs. Decimal (a == x): been
  Integer vs. Decimal (a < x): run
  Integer vs. Decimal (b <= y): run
