Testing for loops (kuceli):
  Simple for loop:
    Iteration: 1
    Iteration: 2
    Iteration: 3
    Iteration: 4
    Iteration: 5
  For loop with custom step (every other number):
    Iteration: 2
    Iteration: 4
    Iteration: 6
    Iteration: 8
    Iteration: 10
  For loop with break (jooji):
    Iteration: 1
    Iteration: 2
    Iteration: 3
    Iteration: 4
    Iteration: 5
  For loop with continue (soco):
    Odd number: 1
    Odd number: 3
    Odd number: 5
  Nested for loops:
    Outer loop: 1
      Inner loop: 1
      Inner loop: 2
    Outer loop: 2
      Inner loop: 1
      Inner loop: 2
    Outer loop: 3
      Inner loop: 1
      Inner loop: 2
  For loop iterating over a list with indices:
    Element at index 0: 10
    Element at index 1: 20
    Element at index 2: 30
    Element at index 3: 40
    Element at index 4: 50
