Testing object operations:
  Empty object: {}
  Person object: {da: 30, magaalo: Muqdisho, magac: Asha}
  Type of person: walax
  Name: Asha
  Age: 30
  City: Muqdisho
  After changing age: {da: 31, magaalo: Muqdisho, magac: Asha}
  After adding job: {da: 31, magaalo: Muqdisho, magac: Asha, shaqo: Barnaamij Samayne}
  Employee with nested address: {address: {city: Muqdisho, country: Soomaaliya, district: Hodan}, age: 28, name: Mohamed}
  Employee's district: Hodan
  Object keys: [da, magaalo, magac, shaqo]
  Type of keys: teed
  First key: da
  Does person have 'shaqo'? run
  Does person have 'email'? been
  After removing job: {da: 31, magaalo: Muqdisho, magac: Asha}
  obj1: {a: 1, b: 2}
  obj2: {c: 3, d: 4}
  Merged object: {a: 1, b: 2, c: 3, d: 4}
\nTesting additional nested property access:
  Company name: Somali Tech
  Company city: Mogadishu
  Company address: Innovation Avenue
  Updated city: Hargeisa
  First team member: Ali
  Second team member role: Designer
