Testing list reverse (rog) method:
  Original list: [Ayaan, Barwaaqo, Cali]
  After rog(): [Cali, Barwaaqo, Ayaan]
  Original numeric list: [1, 2, 3, 4, 5]
  After rog(): [5, 4, 3, 2, 1]
  Original list: [10, 20, 30]
  After rog() via reference: [30, 20, 10]
  Proving it's the same reference: [30, 20, 10]
  Empty list: []
  After rog() on empty list: []
  Single element list: [Solo]
  After rog() on single element list: [Solo]
  Method chaining:
  Original list: [1, 2, 3]
  After rog().kudar(4): [3, 2, 1, 4]
List reverse (rog) tests completed!
