Testing walax.lamaane() (object entries):
\nOriginal object:
  qof = {da: 21, magac: Ayaan, shaqo: macallin, waa_arday: been}
\nEntries using lamaane():
  [[da, 21], [magac, Ayaan], [shaqo, macallin], [waa_arday, been]]
\nIterating through entries:
  da: 21
  magac: Ayaan
  shaqo: macallin
  waa_arday: been
\nTesting empty object:
  Empty object entries: []
  Entries count: 0
\nTesting object with nested values:
  Entries: [[active, run], [data, [1, 2, 3]], [name, Complex], [nested, {a: 1, b: 2}]]
\nTransforming entries to formatted strings:
  Formatted entries:
  - active (bool): run
  - data (teed): [1, 2, 3]
  - name (qoraal): Complex
  - nested (walax): {a: 1, b: 2}
\nUpdating values through entries:
  Updated age: 22
  Updated object: {da: 22, magac: Ayaan, shaqo: macallin, waa_arday: been}
\nTest completed: walax.lamaane() returns key-value pairs from an object
