Testing string slice (jar) method:

Basic example:
  Original string: Barwaaqo
  text.jar(0, 3): Bar
  text.jar(4): aaqo

More test cases:
  Original string: Soplang waa luqad cusub
  sentence.jar(0, 7): 'Soplang'
  sentence.jar(8): 'waa luqad cusub'
  sentence.jar(-5): 'cusub'
  sentence.jar(5, 5): ''
  sentence.jar(50, 60): ''
  sentence.jar(-12, 18): ' luqad '

Practical examples:
  Domain extraction (simplified):
    URL: https://example.com/path
    Domain: example.com
  First name extraction (simplified):
    Full name: Ahmed Mohamed Ali
    First name: Ahmed
  Truncate text:
    Original: Soplang waa luqad cusub oo waxtar leh
    Truncated: Soplang waa luqad cu...

String slice tests completed!
